
============================== warnings summary ===============================
..\..\..\AppData\Local\Programs\Python\Python313\Lib\site-packages\_pytest\config\__init__.py:1290
  C:\Users\chatf\AppData\Local\Programs\Python\Python313\Lib\site-packages\_pytest\config\__init__.py:1290: PytestAssertRewriteWarning: Module already imported so cannot be rewritten; anyio
    self._mark_plugins_for_rewrite(hook, disable_autoload)

-- Docs: https://docs.pytest.org/en/stable/how-to/capture-warnings.html
1 warning in 0.02s
